Archive member included to satisfy reference by file (symbol)

libopencm3/lib/libopencm3_stm32f1.a(gpio.o)
                              main.o (gpio_set_mode)
libopencm3/lib/libopencm3_stm32f1.a(gpio_common_all.o)
                              main.o (gpio_set)
libopencm3/lib/libopencm3_stm32f1.a(rcc_common_all.o)
                              main.o (rcc_periph_clock_enable)
libopencm3/lib/libopencm3_stm32f1.a(vector.o)
                              (reset_handler)
/usr/lib/gcc/arm-none-eabi/9.2.1/../../../arm-none-eabi/lib/libc.a(lib_a-atexit.o)
                              /usr/lib/gcc/arm-none-eabi/9.2.1/../../../arm-none-eabi/lib/crt0.o (atexit)
/usr/lib/gcc/arm-none-eabi/9.2.1/../../../arm-none-eabi/lib/libc.a(lib_a-exit.o)
                              /usr/lib/gcc/arm-none-eabi/9.2.1/../../../arm-none-eabi/lib/crt0.o (exit)
/usr/lib/gcc/arm-none-eabi/9.2.1/../../../arm-none-eabi/lib/libc.a(lib_a-fini.o)
                              /usr/lib/gcc/arm-none-eabi/9.2.1/../../../arm-none-eabi/lib/crt0.o (__libc_fini_array)
/usr/lib/gcc/arm-none-eabi/9.2.1/../../../arm-none-eabi/lib/libc.a(lib_a-impure.o)
                              /usr/lib/gcc/arm-none-eabi/9.2.1/../../../arm-none-eabi/lib/libc.a(lib_a-exit.o) (_global_impure_ptr)
/usr/lib/gcc/arm-none-eabi/9.2.1/../../../arm-none-eabi/lib/libc.a(lib_a-init.o)
                              /usr/lib/gcc/arm-none-eabi/9.2.1/../../../arm-none-eabi/lib/crt0.o (__libc_init_array)
/usr/lib/gcc/arm-none-eabi/9.2.1/../../../arm-none-eabi/lib/libc.a(lib_a-memset.o)
                              /usr/lib/gcc/arm-none-eabi/9.2.1/../../../arm-none-eabi/lib/crt0.o (memset)
/usr/lib/gcc/arm-none-eabi/9.2.1/../../../arm-none-eabi/lib/libc.a(lib_a-__atexit.o)
                              /usr/lib/gcc/arm-none-eabi/9.2.1/../../../arm-none-eabi/lib/libc.a(lib_a-atexit.o) (__register_exitproc)
/usr/lib/gcc/arm-none-eabi/9.2.1/../../../arm-none-eabi/lib/libc.a(lib_a-__call_atexit.o)
                              /usr/lib/gcc/arm-none-eabi/9.2.1/../../../arm-none-eabi/lib/libc.a(lib_a-exit.o) (__call_exitprocs)

Discarded input sections

 .text          0x0000000000000000        0x0 /usr/lib/gcc/arm-none-eabi/9.2.1/crti.o
 .data          0x0000000000000000        0x0 /usr/lib/gcc/arm-none-eabi/9.2.1/crti.o
 .bss           0x0000000000000000        0x0 /usr/lib/gcc/arm-none-eabi/9.2.1/crti.o
 .data          0x0000000000000000        0x4 /usr/lib/gcc/arm-none-eabi/9.2.1/crtbegin.o
 .eh_frame      0x0000000000000000        0x0 /usr/lib/gcc/arm-none-eabi/9.2.1/crtbegin.o
 .text          0x0000000000000000      0x128 /usr/lib/gcc/arm-none-eabi/9.2.1/../../../arm-none-eabi/lib/crt0.o
 .data          0x0000000000000000        0x0 /usr/lib/gcc/arm-none-eabi/9.2.1/../../../arm-none-eabi/lib/crt0.o
 .bss           0x0000000000000000        0x0 /usr/lib/gcc/arm-none-eabi/9.2.1/../../../arm-none-eabi/lib/crt0.o
 .ARM.extab     0x0000000000000000        0x0 /usr/lib/gcc/arm-none-eabi/9.2.1/../../../arm-none-eabi/lib/crt0.o
 .ARM.exidx     0x0000000000000000       0x10 /usr/lib/gcc/arm-none-eabi/9.2.1/../../../arm-none-eabi/lib/crt0.o
 .debug_line    0x0000000000000000       0xa3 /usr/lib/gcc/arm-none-eabi/9.2.1/../../../arm-none-eabi/lib/crt0.o
 .debug_info    0x0000000000000000       0x26 /usr/lib/gcc/arm-none-eabi/9.2.1/../../../arm-none-eabi/lib/crt0.o
 .debug_abbrev  0x0000000000000000       0x14 /usr/lib/gcc/arm-none-eabi/9.2.1/../../../arm-none-eabi/lib/crt0.o
 .debug_aranges
                0x0000000000000000       0x20 /usr/lib/gcc/arm-none-eabi/9.2.1/../../../arm-none-eabi/lib/crt0.o
 .debug_str     0x0000000000000000       0x7b /usr/lib/gcc/arm-none-eabi/9.2.1/../../../arm-none-eabi/lib/crt0.o
 .ARM.attributes
                0x0000000000000000       0x1a /usr/lib/gcc/arm-none-eabi/9.2.1/../../../arm-none-eabi/lib/crt0.o
 .data          0x0000000000000000        0x0 main.o
 .bss           0x0000000000000000        0x0 main.o
 .group         0x0000000000000000        0xc libopencm3/lib/libopencm3_stm32f1.a(gpio.o)
 .group         0x0000000000000000        0xc libopencm3/lib/libopencm3_stm32f1.a(gpio.o)
 .group         0x0000000000000000        0xc libopencm3/lib/libopencm3_stm32f1.a(gpio.o)
 .group         0x0000000000000000        0xc libopencm3/lib/libopencm3_stm32f1.a(gpio.o)
 .group         0x0000000000000000        0xc libopencm3/lib/libopencm3_stm32f1.a(gpio.o)
 .group         0x0000000000000000        0xc libopencm3/lib/libopencm3_stm32f1.a(gpio.o)
 .group         0x0000000000000000        0xc libopencm3/lib/libopencm3_stm32f1.a(gpio.o)
 .group         0x0000000000000000        0xc libopencm3/lib/libopencm3_stm32f1.a(gpio.o)
 .group         0x0000000000000000        0xc libopencm3/lib/libopencm3_stm32f1.a(gpio.o)
 .text          0x0000000000000000        0x0 libopencm3/lib/libopencm3_stm32f1.a(gpio.o)
 .data          0x0000000000000000        0x0 libopencm3/lib/libopencm3_stm32f1.a(gpio.o)
 .bss           0x0000000000000000        0x0 libopencm3/lib/libopencm3_stm32f1.a(gpio.o)
 .text.gpio_set_eventout
                0x0000000000000000       0x10 libopencm3/lib/libopencm3_stm32f1.a(gpio.o)
 .text.gpio_primary_remap
                0x0000000000000000       0x14 libopencm3/lib/libopencm3_stm32f1.a(gpio.o)
 .text.gpio_secondary_remap
                0x0000000000000000       0x10 libopencm3/lib/libopencm3_stm32f1.a(gpio.o)
 .group         0x0000000000000000        0xc libopencm3/lib/libopencm3_stm32f1.a(gpio_common_all.o)
 .group         0x0000000000000000        0xc libopencm3/lib/libopencm3_stm32f1.a(gpio_common_all.o)
 .group         0x0000000000000000        0xc libopencm3/lib/libopencm3_stm32f1.a(gpio_common_all.o)
 .group         0x0000000000000000        0xc libopencm3/lib/libopencm3_stm32f1.a(gpio_common_all.o)
 .group         0x0000000000000000        0xc libopencm3/lib/libopencm3_stm32f1.a(gpio_common_all.o)
 .group         0x0000000000000000        0xc libopencm3/lib/libopencm3_stm32f1.a(gpio_common_all.o)
 .group         0x0000000000000000        0xc libopencm3/lib/libopencm3_stm32f1.a(gpio_common_all.o)
 .group         0x0000000000000000        0xc libopencm3/lib/libopencm3_stm32f1.a(gpio_common_all.o)
 .group         0x0000000000000000        0xc libopencm3/lib/libopencm3_stm32f1.a(gpio_common_all.o)
 .text          0x0000000000000000        0x0 libopencm3/lib/libopencm3_stm32f1.a(gpio_common_all.o)
 .data          0x0000000000000000        0x0 libopencm3/lib/libopencm3_stm32f1.a(gpio_common_all.o)
 .bss           0x0000000000000000        0x0 libopencm3/lib/libopencm3_stm32f1.a(gpio_common_all.o)
 .text.gpio_clear
                0x0000000000000000        0x6 libopencm3/lib/libopencm3_stm32f1.a(gpio_common_all.o)
 .text.gpio_get
                0x0000000000000000        0x6 libopencm3/lib/libopencm3_stm32f1.a(gpio_common_all.o)
 .text.gpio_port_read
                0x0000000000000000        0x6 libopencm3/lib/libopencm3_stm32f1.a(gpio_common_all.o)
 .text.gpio_port_write
                0x0000000000000000        0x4 libopencm3/lib/libopencm3_stm32f1.a(gpio_common_all.o)
 .text.gpio_port_config_lock
                0x0000000000000000       0x10 libopencm3/lib/libopencm3_stm32f1.a(gpio_common_all.o)
 .debug_macro   0x0000000000000000      0xa90 libopencm3/lib/libopencm3_stm32f1.a(gpio_common_all.o)
 .debug_macro   0x0000000000000000       0x1c libopencm3/lib/libopencm3_stm32f1.a(gpio_common_all.o)
 .debug_macro   0x0000000000000000      0x34e libopencm3/lib/libopencm3_stm32f1.a(gpio_common_all.o)
 .debug_macro   0x0000000000000000       0x22 libopencm3/lib/libopencm3_stm32f1.a(gpio_common_all.o)
 .debug_macro   0x0000000000000000       0xe8 libopencm3/lib/libopencm3_stm32f1.a(gpio_common_all.o)
 .debug_macro   0x0000000000000000       0x76 libopencm3/lib/libopencm3_stm32f1.a(gpio_common_all.o)
 .debug_macro   0x0000000000000000      0x1b4 libopencm3/lib/libopencm3_stm32f1.a(gpio_common_all.o)
 .debug_macro   0x0000000000000000       0x76 libopencm3/lib/libopencm3_stm32f1.a(gpio_common_all.o)
 .debug_macro   0x0000000000000000      0xe04 libopencm3/lib/libopencm3_stm32f1.a(gpio_common_all.o)
 .group         0x0000000000000000        0xc libopencm3/lib/libopencm3_stm32f1.a(rcc_common_all.o)
 .group         0x0000000000000000        0xc libopencm3/lib/libopencm3_stm32f1.a(rcc_common_all.o)
 .group         0x0000000000000000        0xc libopencm3/lib/libopencm3_stm32f1.a(rcc_common_all.o)
 .group         0x0000000000000000        0xc libopencm3/lib/libopencm3_stm32f1.a(rcc_common_all.o)
 .group         0x0000000000000000        0xc libopencm3/lib/libopencm3_stm32f1.a(rcc_common_all.o)
 .group         0x0000000000000000        0xc libopencm3/lib/libopencm3_stm32f1.a(rcc_common_all.o)
 .group         0x0000000000000000        0xc libopencm3/lib/libopencm3_stm32f1.a(rcc_common_all.o)
 .group         0x0000000000000000        0xc libopencm3/lib/libopencm3_stm32f1.a(rcc_common_all.o)
 .text          0x0000000000000000        0x0 libopencm3/lib/libopencm3_stm32f1.a(rcc_common_all.o)
 .data          0x0000000000000000        0x0 libopencm3/lib/libopencm3_stm32f1.a(rcc_common_all.o)
 .bss           0x0000000000000000        0x0 libopencm3/lib/libopencm3_stm32f1.a(rcc_common_all.o)
 .text.rcc_peripheral_enable_clock
                0x0000000000000000        0x8 libopencm3/lib/libopencm3_stm32f1.a(rcc_common_all.o)
 .text.rcc_peripheral_disable_clock
                0x0000000000000000        0xa libopencm3/lib/libopencm3_stm32f1.a(rcc_common_all.o)
 .text.rcc_peripheral_reset
                0x0000000000000000        0x8 libopencm3/lib/libopencm3_stm32f1.a(rcc_common_all.o)
 .text.rcc_peripheral_clear_reset
                0x0000000000000000        0xa libopencm3/lib/libopencm3_stm32f1.a(rcc_common_all.o)
 .text.rcc_periph_clock_disable
                0x0000000000000000       0x1e libopencm3/lib/libopencm3_stm32f1.a(rcc_common_all.o)
 .text.rcc_periph_reset_pulse
                0x0000000000000000       0x24 libopencm3/lib/libopencm3_stm32f1.a(rcc_common_all.o)
 .text.rcc_periph_reset_hold
                0x0000000000000000        0x4 libopencm3/lib/libopencm3_stm32f1.a(rcc_common_all.o)
 .text.rcc_periph_reset_release
                0x0000000000000000        0x4 libopencm3/lib/libopencm3_stm32f1.a(rcc_common_all.o)
 .text.rcc_set_mco
                0x0000000000000000       0x14 libopencm3/lib/libopencm3_stm32f1.a(rcc_common_all.o)
 .text.rcc_osc_bypass_enable
                0x0000000000000000       0x28 libopencm3/lib/libopencm3_stm32f1.a(rcc_common_all.o)
 .text.rcc_osc_bypass_disable
                0x0000000000000000       0x28 libopencm3/lib/libopencm3_stm32f1.a(rcc_common_all.o)
 .debug_macro   0x0000000000000000      0xa90 libopencm3/lib/libopencm3_stm32f1.a(rcc_common_all.o)
 .debug_macro   0x0000000000000000       0x1c libopencm3/lib/libopencm3_stm32f1.a(rcc_common_all.o)
 .debug_macro   0x0000000000000000      0x34e libopencm3/lib/libopencm3_stm32f1.a(rcc_common_all.o)
 .debug_macro   0x0000000000000000       0x22 libopencm3/lib/libopencm3_stm32f1.a(rcc_common_all.o)
 .debug_macro   0x0000000000000000       0xe8 libopencm3/lib/libopencm3_stm32f1.a(rcc_common_all.o)
 .debug_macro   0x0000000000000000       0x76 libopencm3/lib/libopencm3_stm32f1.a(rcc_common_all.o)
 .debug_macro   0x0000000000000000      0x1b4 libopencm3/lib/libopencm3_stm32f1.a(rcc_common_all.o)
 .group         0x0000000000000000        0xc libopencm3/lib/libopencm3_stm32f1.a(vector.o)
 .group         0x0000000000000000        0xc libopencm3/lib/libopencm3_stm32f1.a(vector.o)
 .group         0x0000000000000000        0xc libopencm3/lib/libopencm3_stm32f1.a(vector.o)
 .group         0x0000000000000000        0xc libopencm3/lib/libopencm3_stm32f1.a(vector.o)
 .group         0x0000000000000000        0xc libopencm3/lib/libopencm3_stm32f1.a(vector.o)
 .group         0x0000000000000000        0xc libopencm3/lib/libopencm3_stm32f1.a(vector.o)
 .group         0x0000000000000000        0xc libopencm3/lib/libopencm3_stm32f1.a(vector.o)
 .group         0x0000000000000000        0xc libopencm3/lib/libopencm3_stm32f1.a(vector.o)
 .group         0x0000000000000000        0xc libopencm3/lib/libopencm3_stm32f1.a(vector.o)
 .text          0x0000000000000000        0x0 libopencm3/lib/libopencm3_stm32f1.a(vector.o)
 .data          0x0000000000000000        0x0 libopencm3/lib/libopencm3_stm32f1.a(vector.o)
 .bss           0x0000000000000000        0x0 libopencm3/lib/libopencm3_stm32f1.a(vector.o)
 .debug_macro   0x0000000000000000      0xa90 libopencm3/lib/libopencm3_stm32f1.a(vector.o)
 .debug_macro   0x0000000000000000       0x76 libopencm3/lib/libopencm3_stm32f1.a(vector.o)
 .debug_macro   0x0000000000000000       0x1c libopencm3/lib/libopencm3_stm32f1.a(vector.o)
 .debug_macro   0x0000000000000000      0x34e libopencm3/lib/libopencm3_stm32f1.a(vector.o)
 .debug_macro   0x0000000000000000       0x22 libopencm3/lib/libopencm3_stm32f1.a(vector.o)
 .debug_macro   0x0000000000000000       0xe8 libopencm3/lib/libopencm3_stm32f1.a(vector.o)
 .data          0x0000000000000000        0x0 /usr/lib/gcc/arm-none-eabi/9.2.1/../../../arm-none-eabi/lib/libc.a(lib_a-atexit.o)
 .bss           0x0000000000000000        0x0 /usr/lib/gcc/arm-none-eabi/9.2.1/../../../arm-none-eabi/lib/libc.a(lib_a-atexit.o)
 .text          0x0000000000000000       0x34 /usr/lib/gcc/arm-none-eabi/9.2.1/../../../arm-none-eabi/lib/libc.a(lib_a-exit.o)
 .data          0x0000000000000000        0x0 /usr/lib/gcc/arm-none-eabi/9.2.1/../../../arm-none-eabi/lib/libc.a(lib_a-exit.o)
 .bss           0x0000000000000000        0x0 /usr/lib/gcc/arm-none-eabi/9.2.1/../../../arm-none-eabi/lib/libc.a(lib_a-exit.o)
 .debug_info    0x0000000000000000      0x9d0 /usr/lib/gcc/arm-none-eabi/9.2.1/../../../arm-none-eabi/lib/libc.a(lib_a-exit.o)
 .debug_abbrev  0x0000000000000000      0x21f /usr/lib/gcc/arm-none-eabi/9.2.1/../../../arm-none-eabi/lib/libc.a(lib_a-exit.o)
 .debug_loc     0x0000000000000000       0x22 /usr/lib/gcc/arm-none-eabi/9.2.1/../../../arm-none-eabi/lib/libc.a(lib_a-exit.o)
 .debug_aranges
                0x0000000000000000       0x20 /usr/lib/gcc/arm-none-eabi/9.2.1/../../../arm-none-eabi/lib/libc.a(lib_a-exit.o)
 .debug_line    0x0000000000000000      0x16f /usr/lib/gcc/arm-none-eabi/9.2.1/../../../arm-none-eabi/lib/libc.a(lib_a-exit.o)
 .debug_str     0x0000000000000000      0x5c6 /usr/lib/gcc/arm-none-eabi/9.2.1/../../../arm-none-eabi/lib/libc.a(lib_a-exit.o)
 .comment       0x0000000000000000       0x4f /usr/lib/gcc/arm-none-eabi/9.2.1/../../../arm-none-eabi/lib/libc.a(lib_a-exit.o)
 .debug_frame   0x0000000000000000       0x28 /usr/lib/gcc/arm-none-eabi/9.2.1/../../../arm-none-eabi/lib/libc.a(lib_a-exit.o)
 .ARM.attributes
                0x0000000000000000       0x2a /usr/lib/gcc/arm-none-eabi/9.2.1/../../../arm-none-eabi/lib/libc.a(lib_a-exit.o)
 .data          0x0000000000000000        0x0 /usr/lib/gcc/arm-none-eabi/9.2.1/../../../arm-none-eabi/lib/libc.a(lib_a-fini.o)
 .bss           0x0000000000000000        0x0 /usr/lib/gcc/arm-none-eabi/9.2.1/../../../arm-none-eabi/lib/libc.a(lib_a-fini.o)
 .text          0x0000000000000000        0x0 /usr/lib/gcc/arm-none-eabi/9.2.1/../../../arm-none-eabi/lib/libc.a(lib_a-impure.o)
 .bss           0x0000000000000000        0x0 /usr/lib/gcc/arm-none-eabi/9.2.1/../../../arm-none-eabi/lib/libc.a(lib_a-impure.o)
 .text          0x0000000000000000       0x88 /usr/lib/gcc/arm-none-eabi/9.2.1/../../../arm-none-eabi/lib/libc.a(lib_a-init.o)
 .data          0x0000000000000000        0x0 /usr/lib/gcc/arm-none-eabi/9.2.1/../../../arm-none-eabi/lib/libc.a(lib_a-init.o)
 .bss           0x0000000000000000        0x0 /usr/lib/gcc/arm-none-eabi/9.2.1/../../../arm-none-eabi/lib/libc.a(lib_a-init.o)
 .debug_info    0x0000000000000000      0x11a /usr/lib/gcc/arm-none-eabi/9.2.1/../../../arm-none-eabi/lib/libc.a(lib_a-init.o)
 .debug_abbrev  0x0000000000000000       0xcc /usr/lib/gcc/arm-none-eabi/9.2.1/../../../arm-none-eabi/lib/libc.a(lib_a-init.o)
 .debug_loc     0x0000000000000000       0xba /usr/lib/gcc/arm-none-eabi/9.2.1/../../../arm-none-eabi/lib/libc.a(lib_a-init.o)
 .debug_aranges
                0x0000000000000000       0x20 /usr/lib/gcc/arm-none-eabi/9.2.1/../../../arm-none-eabi/lib/libc.a(lib_a-init.o)
 .debug_line    0x0000000000000000       0xf6 /usr/lib/gcc/arm-none-eabi/9.2.1/../../../arm-none-eabi/lib/libc.a(lib_a-init.o)
 .debug_str     0x0000000000000000      0x1fe /usr/lib/gcc/arm-none-eabi/9.2.1/../../../arm-none-eabi/lib/libc.a(lib_a-init.o)
 .comment       0x0000000000000000       0x4f /usr/lib/gcc/arm-none-eabi/9.2.1/../../../arm-none-eabi/lib/libc.a(lib_a-init.o)
 .debug_frame   0x0000000000000000       0x34 /usr/lib/gcc/arm-none-eabi/9.2.1/../../../arm-none-eabi/lib/libc.a(lib_a-init.o)
 .ARM.attributes
                0x0000000000000000       0x2a /usr/lib/gcc/arm-none-eabi/9.2.1/../../../arm-none-eabi/lib/libc.a(lib_a-init.o)
 .text          0x0000000000000000      0x118 /usr/lib/gcc/arm-none-eabi/9.2.1/../../../arm-none-eabi/lib/libc.a(lib_a-memset.o)
 .data          0x0000000000000000        0x0 /usr/lib/gcc/arm-none-eabi/9.2.1/../../../arm-none-eabi/lib/libc.a(lib_a-memset.o)
 .bss           0x0000000000000000        0x0 /usr/lib/gcc/arm-none-eabi/9.2.1/../../../arm-none-eabi/lib/libc.a(lib_a-memset.o)
 .debug_info    0x0000000000000000      0xf21 /usr/lib/gcc/arm-none-eabi/9.2.1/../../../arm-none-eabi/lib/libc.a(lib_a-memset.o)
 .debug_abbrev  0x0000000000000000      0x217 /usr/lib/gcc/arm-none-eabi/9.2.1/../../../arm-none-eabi/lib/libc.a(lib_a-memset.o)
 .debug_loc     0x0000000000000000      0x2a5 /usr/lib/gcc/arm-none-eabi/9.2.1/../../../arm-none-eabi/lib/libc.a(lib_a-memset.o)
 .debug_aranges
                0x0000000000000000       0x20 /usr/lib/gcc/arm-none-eabi/9.2.1/../../../arm-none-eabi/lib/libc.a(lib_a-memset.o)
 .debug_line    0x0000000000000000      0x279 /usr/lib/gcc/arm-none-eabi/9.2.1/../../../arm-none-eabi/lib/libc.a(lib_a-memset.o)
 .debug_str     0x0000000000000000      0x8a7 /usr/lib/gcc/arm-none-eabi/9.2.1/../../../arm-none-eabi/lib/libc.a(lib_a-memset.o)
 .comment       0x0000000000000000       0x4f /usr/lib/gcc/arm-none-eabi/9.2.1/../../../arm-none-eabi/lib/libc.a(lib_a-memset.o)
 .debug_frame   0x0000000000000000       0x48 /usr/lib/gcc/arm-none-eabi/9.2.1/../../../arm-none-eabi/lib/libc.a(lib_a-memset.o)
 .ARM.attributes
                0x0000000000000000       0x2a /usr/lib/gcc/arm-none-eabi/9.2.1/../../../arm-none-eabi/lib/libc.a(lib_a-memset.o)
 .data          0x0000000000000000        0x0 /usr/lib/gcc/arm-none-eabi/9.2.1/../../../arm-none-eabi/lib/libc.a(lib_a-__atexit.o)
 .bss           0x0000000000000000        0x0 /usr/lib/gcc/arm-none-eabi/9.2.1/../../../arm-none-eabi/lib/libc.a(lib_a-__atexit.o)
 .text          0x0000000000000000      0x10c /usr/lib/gcc/arm-none-eabi/9.2.1/../../../arm-none-eabi/lib/libc.a(lib_a-__call_atexit.o)
 .data          0x0000000000000000        0x0 /usr/lib/gcc/arm-none-eabi/9.2.1/../../../arm-none-eabi/lib/libc.a(lib_a-__call_atexit.o)
 .bss           0x0000000000000000        0x0 /usr/lib/gcc/arm-none-eabi/9.2.1/../../../arm-none-eabi/lib/libc.a(lib_a-__call_atexit.o)
 .text          0x0000000000000000        0x0 /usr/lib/gcc/arm-none-eabi/9.2.1/crtend.o
 .data          0x0000000000000000        0x0 /usr/lib/gcc/arm-none-eabi/9.2.1/crtend.o
 .bss           0x0000000000000000        0x0 /usr/lib/gcc/arm-none-eabi/9.2.1/crtend.o
 .eh_frame      0x0000000000000000        0x4 /usr/lib/gcc/arm-none-eabi/9.2.1/crtend.o
 .text          0x0000000000000000        0x0 /usr/lib/gcc/arm-none-eabi/9.2.1/crtn.o
 .data          0x0000000000000000        0x0 /usr/lib/gcc/arm-none-eabi/9.2.1/crtn.o
 .bss           0x0000000000000000        0x0 /usr/lib/gcc/arm-none-eabi/9.2.1/crtn.o
 .init          0x0000000000000000        0xc /usr/lib/gcc/arm-none-eabi/9.2.1/crtn.o
 .fini          0x0000000000000000        0xc /usr/lib/gcc/arm-none-eabi/9.2.1/crtn.o
 .ARM.attributes
                0x0000000000000000       0x1c /usr/lib/gcc/arm-none-eabi/9.2.1/crtn.o

Memory Configuration

Name             Origin             Length             Attributes
rom              0x0000000008000000 0x0000000000020000 xr
ram              0x0000000020000000 0x0000000000005000 xrw
*default*        0x0000000000000000 0xffffffffffffffff

Linker script and memory map

LOAD /usr/lib/gcc/arm-none-eabi/9.2.1/crti.o
LOAD /usr/lib/gcc/arm-none-eabi/9.2.1/crtbegin.o
LOAD /usr/lib/gcc/arm-none-eabi/9.2.1/../../../arm-none-eabi/lib/crt0.o
LOAD main.o
LOAD libopencm3/lib/libopencm3_stm32f1.a
START GROUP
LOAD /usr/lib/gcc/arm-none-eabi/9.2.1/libgcc.a
LOAD /usr/lib/gcc/arm-none-eabi/9.2.1/../../../arm-none-eabi/lib/libc.a
END GROUP
LOAD /usr/lib/gcc/arm-none-eabi/9.2.1/crtend.o
LOAD /usr/lib/gcc/arm-none-eabi/9.2.1/crtn.o

.text           0x0000000008000000      0x4e8
 *(.vectors)
 .vectors       0x0000000008000000      0x150 libopencm3/lib/libopencm3_stm32f1.a(vector.o)
                0x0000000008000000                vector_table
 *(.text*)
 .text          0x0000000008000150       0xdc /usr/lib/gcc/arm-none-eabi/9.2.1/crtbegin.o
 .text          0x000000000800022c       0x78 main.o
                0x000000000800022c                main
                0x0000000008000280                _delay_us
 .text.gpio_set_mode
                0x00000000080002a4       0x5e libopencm3/lib/libopencm3_stm32f1.a(gpio.o)
                0x00000000080002a4                gpio_set_mode
 .text.gpio_set
                0x0000000008000302        0x4 libopencm3/lib/libopencm3_stm32f1.a(gpio_common_all.o)
                0x0000000008000302                gpio_set
 .text.gpio_toggle
                0x0000000008000306       0x12 libopencm3/lib/libopencm3_stm32f1.a(gpio_common_all.o)
                0x0000000008000306                gpio_toggle
 .text.rcc_periph_clock_enable
                0x0000000008000318       0x1c libopencm3/lib/libopencm3_stm32f1.a(rcc_common_all.o)
                0x0000000008000318                rcc_periph_clock_enable
 .text.blocking_handler
                0x0000000008000334        0x2 libopencm3/lib/libopencm3_stm32f1.a(vector.o)
                0x0000000008000334                usart3_isr
                0x0000000008000334                rtc_isr
                0x0000000008000334                tim7_isr
                0x0000000008000334                adc1_2_isr
                0x0000000008000334                tim1_trg_com_isr
                0x0000000008000334                usb_hp_can_tx_isr
                0x0000000008000334                tim6_isr
                0x0000000008000334                usb_wakeup_isr
                0x0000000008000334                blocking_handler
                0x0000000008000334                tim5_isr
                0x0000000008000334                otg_fs_isr
                0x0000000008000334                spi1_isr
                0x0000000008000334                exti2_isr
                0x0000000008000334                dma1_channel6_isr
                0x0000000008000334                can_rx1_isr
                0x0000000008000334                dma1_channel5_isr
                0x0000000008000334                dma2_channel5_isr
                0x0000000008000334                usart1_isr
                0x0000000008000334                usage_fault_handler
                0x0000000008000334                tim8_trg_com_isr
                0x0000000008000334                can2_rx0_isr
                0x0000000008000334                tim1_brk_isr
                0x0000000008000334                can2_rx1_isr
                0x0000000008000334                tim1_cc_isr
                0x0000000008000334                sdio_isr
                0x0000000008000334                eth_isr
                0x0000000008000334                dma1_channel4_isr
                0x0000000008000334                tim8_brk_isr
                0x0000000008000334                dma2_channel4_5_isr
                0x0000000008000334                pvd_isr
                0x0000000008000334                rcc_isr
                0x0000000008000334                flash_isr
                0x0000000008000334                uart4_isr
                0x0000000008000334                rtc_alarm_isr
                0x0000000008000334                exti15_10_isr
                0x0000000008000334                hard_fault_handler
                0x0000000008000334                exti1_isr
                0x0000000008000334                i2c1_ev_isr
                0x0000000008000334                dma2_channel1_isr
                0x0000000008000334                spi2_isr
                0x0000000008000334                tim8_up_isr
                0x0000000008000334                dma2_channel2_isr
                0x0000000008000334                exti3_isr
                0x0000000008000334                adc3_isr
                0x0000000008000334                tim3_isr
                0x0000000008000334                usart2_isr
                0x0000000008000334                usb_lp_can_rx0_isr
                0x0000000008000334                i2c2_er_isr
                0x0000000008000334                i2c2_ev_isr
                0x0000000008000334                uart5_isr
                0x0000000008000334                fsmc_isr
                0x0000000008000334                dma1_channel1_isr
                0x0000000008000334                exti4_isr
                0x0000000008000334                mem_manage_handler
                0x0000000008000334                can2_tx_isr
                0x0000000008000334                exti9_5_isr
                0x0000000008000334                dma2_channel3_isr
                0x0000000008000334                dma1_channel7_isr
                0x0000000008000334                tim1_up_isr
                0x0000000008000334                can2_sce_isr
                0x0000000008000334                tim4_isr
                0x0000000008000334                dma1_channel2_isr
                0x0000000008000334                i2c1_er_isr
                0x0000000008000334                can_sce_isr
                0x0000000008000334                tim8_cc_isr
                0x0000000008000334                tamper_isr
                0x0000000008000334                eth_wkup_isr
                0x0000000008000334                bus_fault_handler
                0x0000000008000334                wwdg_isr
                0x0000000008000334                dma1_channel3_isr
                0x0000000008000334                spi3_isr
                0x0000000008000334                tim2_isr
                0x0000000008000334                exti0_isr
 .text.null_handler
                0x0000000008000336        0x2 libopencm3/lib/libopencm3_stm32f1.a(vector.o)
                0x0000000008000336                null_handler
                0x0000000008000336                sv_call_handler
                0x0000000008000336                pend_sv_handler
                0x0000000008000336                debug_monitor_handler
                0x0000000008000336                sys_tick_handler
                0x0000000008000336                nmi_handler
 .text.reset_handler
                0x0000000008000338       0x90 libopencm3/lib/libopencm3_stm32f1.a(vector.o)
                0x0000000008000338                reset_handler
 .text          0x00000000080003c8       0x20 /usr/lib/gcc/arm-none-eabi/9.2.1/../../../arm-none-eabi/lib/libc.a(lib_a-atexit.o)
                0x00000000080003c8                atexit
 .text          0x00000000080003e8       0x48 /usr/lib/gcc/arm-none-eabi/9.2.1/../../../arm-none-eabi/lib/libc.a(lib_a-fini.o)
                0x00000000080003e8                __libc_fini_array
 .text          0x0000000008000430       0x8c /usr/lib/gcc/arm-none-eabi/9.2.1/../../../arm-none-eabi/lib/libc.a(lib_a-__atexit.o)
                0x0000000008000430                __register_exitproc
 .text.startup  0x00000000080004bc       0x28 /usr/lib/gcc/arm-none-eabi/9.2.1/../../../arm-none-eabi/lib/libc.a(lib_a-__call_atexit.o)
                0x00000000080004e4                . = ALIGN (0x4)
 *(.rodata*)
 .rodata        0x00000000080004e4        0x4 /usr/lib/gcc/arm-none-eabi/9.2.1/../../../arm-none-eabi/lib/libc.a(lib_a-impure.o)
                0x00000000080004e4                _global_impure_ptr
                0x00000000080004e8                . = ALIGN (0x4)

.glue_7         0x00000000080004e8        0x0
 .glue_7        0x00000000080004e8        0x0 linker stubs

.glue_7t        0x00000000080004e8        0x0
 .glue_7t       0x00000000080004e8        0x0 linker stubs

.vfp11_veneer   0x00000000080004e8        0x0
 .vfp11_veneer  0x00000000080004e8        0x0 linker stubs

.v4_bx          0x00000000080004e8        0x0
 .v4_bx         0x00000000080004e8        0x0 linker stubs

.init           0x00000000080004e8        0xc
 .init          0x00000000080004e8        0xc /usr/lib/gcc/arm-none-eabi/9.2.1/crti.o
                0x00000000080004e8                _init

.fini           0x00000000080004f4        0xc
 .fini          0x00000000080004f4        0xc /usr/lib/gcc/arm-none-eabi/9.2.1/crti.o
                0x00000000080004f4                _fini

.iplt           0x0000000008000500        0x0
 .iplt          0x0000000008000500        0x0 /usr/lib/gcc/arm-none-eabi/9.2.1/crtbegin.o

.rel.dyn        0x0000000008000500        0x0
 .rel.iplt      0x0000000008000500        0x0 /usr/lib/gcc/arm-none-eabi/9.2.1/crtbegin.o

.preinit_array  0x0000000008000500        0x0
                0x0000000008000500                . = ALIGN (0x4)
                0x0000000008000500                __preinit_array_start = .
 *(.preinit_array)
                0x0000000008000500                __preinit_array_end = .

.init_array     0x0000000008000500        0x8
                0x0000000008000500                . = ALIGN (0x4)
                0x0000000008000500                __init_array_start = .
 *(SORT_BY_NAME(.init_array.*))
 .init_array.00000
                0x0000000008000500        0x4 /usr/lib/gcc/arm-none-eabi/9.2.1/../../../arm-none-eabi/lib/libc.a(lib_a-__call_atexit.o)
 *(.init_array)
 .init_array    0x0000000008000504        0x4 /usr/lib/gcc/arm-none-eabi/9.2.1/crtbegin.o
                0x0000000008000508                __init_array_end = .

.fini_array     0x0000000008000508        0x4
                0x0000000008000508                . = ALIGN (0x4)
                0x0000000008000508                __fini_array_start = .
 *(.fini_array)
 .fini_array    0x0000000008000508        0x4 /usr/lib/gcc/arm-none-eabi/9.2.1/crtbegin.o
 *(SORT_BY_NAME(.fini_array.*))
                0x000000000800050c                __fini_array_end = .

.ARM.extab
 *(.ARM.extab*)

.ARM.exidx      0x000000000800050c        0x0
                0x000000000800050c                __exidx_start = .
 *(.ARM.exidx*)
                0x000000000800050c                __exidx_end = .
                0x000000000800050c                . = ALIGN (0x4)
                0x000000000800050c                _etext = .

.noinit
 *(.noinit)
                0x000000000800050c                . = ALIGN (0x4)

.data           0x0000000020000000      0x430 load address 0x000000000800050c
                0x0000000020000000                _data = .
 *(.data*)
 .data          0x0000000020000000      0x430 /usr/lib/gcc/arm-none-eabi/9.2.1/../../../arm-none-eabi/lib/libc.a(lib_a-impure.o)
                0x0000000020000000                _impure_ptr
                0x0000000020000430                . = ALIGN (0x4)
 *(.ramfunctions)
                0x0000000020000430                _edata = .
                0x000000000800050c                _data_loadaddr = LOADADDR (.data)

.tm_clone_table
                0x0000000020000430        0x0 load address 0x000000000800093c
 .tm_clone_table
                0x0000000020000430        0x0 /usr/lib/gcc/arm-none-eabi/9.2.1/crtbegin.o
 .tm_clone_table
                0x0000000020000430        0x0 /usr/lib/gcc/arm-none-eabi/9.2.1/crtend.o

.igot.plt       0x0000000020000430        0x0 load address 0x000000000800093c
 .igot.plt      0x0000000020000430        0x0 /usr/lib/gcc/arm-none-eabi/9.2.1/crtbegin.o

.bss            0x0000000020000430       0x1c load address 0x000000000800093c
 *(.bss*)
 .bss           0x0000000020000430       0x1c /usr/lib/gcc/arm-none-eabi/9.2.1/crtbegin.o
 *(COMMON)
                0x000000002000044c                . = ALIGN (0x4)
                0x000000002000044c                _ebss = .

/DISCARD/
 *(.eh_frame)
                0x000000002000044c                . = ALIGN (0x4)
                0x000000002000044c                end = .
                0x0000000020005000                PROVIDE (_stack = (ORIGIN (ram) + LENGTH (ram)))
OUTPUT(main.elf elf32-littlearm)
LOAD linker stubs

.ARM.attributes
                0x0000000000000000       0x2b
 .ARM.attributes
                0x0000000000000000       0x1c /usr/lib/gcc/arm-none-eabi/9.2.1/crti.o
 .ARM.attributes
                0x000000000000001c       0x2a /usr/lib/gcc/arm-none-eabi/9.2.1/crtbegin.o
 .ARM.attributes
                0x0000000000000046       0x2d main.o
 .ARM.attributes
                0x0000000000000073       0x2d libopencm3/lib/libopencm3_stm32f1.a(gpio.o)
 .ARM.attributes
                0x00000000000000a0       0x2d libopencm3/lib/libopencm3_stm32f1.a(gpio_common_all.o)
 .ARM.attributes
                0x00000000000000cd       0x2d libopencm3/lib/libopencm3_stm32f1.a(rcc_common_all.o)
 .ARM.attributes
                0x00000000000000fa       0x2d libopencm3/lib/libopencm3_stm32f1.a(vector.o)
 .ARM.attributes
                0x0000000000000127       0x2a /usr/lib/gcc/arm-none-eabi/9.2.1/../../../arm-none-eabi/lib/libc.a(lib_a-atexit.o)
 .ARM.attributes
                0x0000000000000151       0x2a /usr/lib/gcc/arm-none-eabi/9.2.1/../../../arm-none-eabi/lib/libc.a(lib_a-fini.o)
 .ARM.attributes
                0x000000000000017b       0x30 /usr/lib/gcc/arm-none-eabi/9.2.1/../../../arm-none-eabi/lib/libc.a(lib_a-impure.o)
 .ARM.attributes
                0x00000000000001ab       0x2a /usr/lib/gcc/arm-none-eabi/9.2.1/../../../arm-none-eabi/lib/libc.a(lib_a-__atexit.o)
 .ARM.attributes
                0x00000000000001d5       0x2a /usr/lib/gcc/arm-none-eabi/9.2.1/../../../arm-none-eabi/lib/libc.a(lib_a-__call_atexit.o)
 .ARM.attributes
                0x00000000000001ff       0x30 /usr/lib/gcc/arm-none-eabi/9.2.1/crtend.o

.comment        0x0000000000000000       0xa7
 .comment       0x0000000000000000       0x59 /usr/lib/gcc/arm-none-eabi/9.2.1/crtbegin.o
                                         0x5a (size before relaxing)
 .comment       0x0000000000000059       0x5a main.o
 .comment       0x0000000000000059       0x5a libopencm3/lib/libopencm3_stm32f1.a(gpio.o)
 .comment       0x0000000000000059       0x5a libopencm3/lib/libopencm3_stm32f1.a(gpio_common_all.o)
 .comment       0x0000000000000059       0x5a libopencm3/lib/libopencm3_stm32f1.a(rcc_common_all.o)
 .comment       0x0000000000000059       0x5a libopencm3/lib/libopencm3_stm32f1.a(vector.o)
 .comment       0x0000000000000059       0x4e /usr/lib/gcc/arm-none-eabi/9.2.1/../../../arm-none-eabi/lib/libc.a(lib_a-atexit.o)
                                         0x4f (size before relaxing)
 .comment       0x00000000000000a7       0x4f /usr/lib/gcc/arm-none-eabi/9.2.1/../../../arm-none-eabi/lib/libc.a(lib_a-fini.o)
 .comment       0x00000000000000a7       0x4f /usr/lib/gcc/arm-none-eabi/9.2.1/../../../arm-none-eabi/lib/libc.a(lib_a-impure.o)
 .comment       0x00000000000000a7       0x4f /usr/lib/gcc/arm-none-eabi/9.2.1/../../../arm-none-eabi/lib/libc.a(lib_a-__atexit.o)
 .comment       0x00000000000000a7       0x4f /usr/lib/gcc/arm-none-eabi/9.2.1/../../../arm-none-eabi/lib/libc.a(lib_a-__call_atexit.o)
 .comment       0x00000000000000a7       0x5a /usr/lib/gcc/arm-none-eabi/9.2.1/crtend.o

.debug_info     0x0000000000000000     0x3780
 .debug_info    0x0000000000000000      0x29c main.o
 .debug_info    0x000000000000029c      0x1e6 libopencm3/lib/libopencm3_stm32f1.a(gpio.o)
 .debug_info    0x0000000000000482      0x24e libopencm3/lib/libopencm3_stm32f1.a(gpio_common_all.o)
 .debug_info    0x00000000000006d0      0x5f7 libopencm3/lib/libopencm3_stm32f1.a(rcc_common_all.o)
 .debug_info    0x0000000000000cc7      0x2d1 libopencm3/lib/libopencm3_stm32f1.a(vector.o)
 .debug_info    0x0000000000000f98      0x995 /usr/lib/gcc/arm-none-eabi/9.2.1/../../../arm-none-eabi/lib/libc.a(lib_a-atexit.o)
 .debug_info    0x000000000000192d      0x102 /usr/lib/gcc/arm-none-eabi/9.2.1/../../../arm-none-eabi/lib/libc.a(lib_a-fini.o)
 .debug_info    0x0000000000001a2f      0x92a /usr/lib/gcc/arm-none-eabi/9.2.1/../../../arm-none-eabi/lib/libc.a(lib_a-impure.o)
 .debug_info    0x0000000000002359      0x9d5 /usr/lib/gcc/arm-none-eabi/9.2.1/../../../arm-none-eabi/lib/libc.a(lib_a-__atexit.o)
 .debug_info    0x0000000000002d2e      0xa52 /usr/lib/gcc/arm-none-eabi/9.2.1/../../../arm-none-eabi/lib/libc.a(lib_a-__call_atexit.o)

.debug_abbrev   0x0000000000000000      0xefe
 .debug_abbrev  0x0000000000000000       0xcb main.o
 .debug_abbrev  0x00000000000000cb       0xd0 libopencm3/lib/libopencm3_stm32f1.a(gpio.o)
 .debug_abbrev  0x000000000000019b      0x116 libopencm3/lib/libopencm3_stm32f1.a(gpio_common_all.o)
 .debug_abbrev  0x00000000000002b1      0x15d libopencm3/lib/libopencm3_stm32f1.a(rcc_common_all.o)
 .debug_abbrev  0x000000000000040e      0x145 libopencm3/lib/libopencm3_stm32f1.a(vector.o)
 .debug_abbrev  0x0000000000000553      0x22f /usr/lib/gcc/arm-none-eabi/9.2.1/../../../arm-none-eabi/lib/libc.a(lib_a-atexit.o)
 .debug_abbrev  0x0000000000000782       0xcc /usr/lib/gcc/arm-none-eabi/9.2.1/../../../arm-none-eabi/lib/libc.a(lib_a-fini.o)
 .debug_abbrev  0x000000000000084e      0x1b8 /usr/lib/gcc/arm-none-eabi/9.2.1/../../../arm-none-eabi/lib/libc.a(lib_a-impure.o)
 .debug_abbrev  0x0000000000000a06      0x252 /usr/lib/gcc/arm-none-eabi/9.2.1/../../../arm-none-eabi/lib/libc.a(lib_a-__atexit.o)
 .debug_abbrev  0x0000000000000c58      0x2a6 /usr/lib/gcc/arm-none-eabi/9.2.1/../../../arm-none-eabi/lib/libc.a(lib_a-__call_atexit.o)

.debug_aranges  0x0000000000000000      0x1d0
 .debug_aranges
                0x0000000000000000       0x20 main.o
 .debug_aranges
                0x0000000000000020       0x38 libopencm3/lib/libopencm3_stm32f1.a(gpio.o)
 .debug_aranges
                0x0000000000000058       0x50 libopencm3/lib/libopencm3_stm32f1.a(gpio_common_all.o)
 .debug_aranges
                0x00000000000000a8       0x58 libopencm3/lib/libopencm3_stm32f1.a(rcc_common_all.o)
 .debug_aranges
                0x0000000000000100       0x30 libopencm3/lib/libopencm3_stm32f1.a(vector.o)
 .debug_aranges
                0x0000000000000130       0x20 /usr/lib/gcc/arm-none-eabi/9.2.1/../../../arm-none-eabi/lib/libc.a(lib_a-atexit.o)
 .debug_aranges
                0x0000000000000150       0x20 /usr/lib/gcc/arm-none-eabi/9.2.1/../../../arm-none-eabi/lib/libc.a(lib_a-fini.o)
 .debug_aranges
                0x0000000000000170       0x18 /usr/lib/gcc/arm-none-eabi/9.2.1/../../../arm-none-eabi/lib/libc.a(lib_a-impure.o)
 .debug_aranges
                0x0000000000000188       0x20 /usr/lib/gcc/arm-none-eabi/9.2.1/../../../arm-none-eabi/lib/libc.a(lib_a-__atexit.o)
 .debug_aranges
                0x00000000000001a8       0x28 /usr/lib/gcc/arm-none-eabi/9.2.1/../../../arm-none-eabi/lib/libc.a(lib_a-__call_atexit.o)

.debug_line     0x0000000000000000     0x1246
 .debug_line    0x0000000000000000       0xcb main.o
 .debug_line    0x00000000000000cb      0x264 libopencm3/lib/libopencm3_stm32f1.a(gpio.o)
 .debug_line    0x000000000000032f      0x27a libopencm3/lib/libopencm3_stm32f1.a(gpio_common_all.o)
 .debug_line    0x00000000000005a9      0x2a4 libopencm3/lib/libopencm3_stm32f1.a(rcc_common_all.o)
 .debug_line    0x000000000000084d      0x305 libopencm3/lib/libopencm3_stm32f1.a(vector.o)
 .debug_line    0x0000000000000b52      0x14b /usr/lib/gcc/arm-none-eabi/9.2.1/../../../arm-none-eabi/lib/libc.a(lib_a-atexit.o)
 .debug_line    0x0000000000000c9d       0xc5 /usr/lib/gcc/arm-none-eabi/9.2.1/../../../arm-none-eabi/lib/libc.a(lib_a-fini.o)
 .debug_line    0x0000000000000d62       0xda /usr/lib/gcc/arm-none-eabi/9.2.1/../../../arm-none-eabi/lib/libc.a(lib_a-impure.o)
 .debug_line    0x0000000000000e3c      0x1d3 /usr/lib/gcc/arm-none-eabi/9.2.1/../../../arm-none-eabi/lib/libc.a(lib_a-__atexit.o)
 .debug_line    0x000000000000100f      0x237 /usr/lib/gcc/arm-none-eabi/9.2.1/../../../arm-none-eabi/lib/libc.a(lib_a-__call_atexit.o)

.debug_str      0x0000000000000000     0xd71b
 .debug_str     0x0000000000000000      0x32a main.o
                                        0x3b3 (size before relaxing)
 .debug_str     0x000000000000032a     0x804c libopencm3/lib/libopencm3_stm32f1.a(gpio.o)
                                       0x81c4 (size before relaxing)
 .debug_str     0x0000000000008376       0x80 libopencm3/lib/libopencm3_stm32f1.a(gpio_common_all.o)
                                       0x81c2 (size before relaxing)
 .debug_str     0x00000000000083f6     0x27e5 libopencm3/lib/libopencm3_stm32f1.a(rcc_common_all.o)
                                       0x73e2 (size before relaxing)
 .debug_str     0x000000000000abdb     0x2485 libopencm3/lib/libopencm3_stm32f1.a(vector.o)
                                       0x62a2 (size before relaxing)
 .debug_str     0x000000000000d060      0x4fb /usr/lib/gcc/arm-none-eabi/9.2.1/../../../arm-none-eabi/lib/libc.a(lib_a-atexit.o)
                                        0x5c5 (size before relaxing)
 .debug_str     0x000000000000d55b       0x87 /usr/lib/gcc/arm-none-eabi/9.2.1/../../../arm-none-eabi/lib/libc.a(lib_a-fini.o)
                                        0x1d4 (size before relaxing)
 .debug_str     0x000000000000d5e2       0x7e /usr/lib/gcc/arm-none-eabi/9.2.1/../../../arm-none-eabi/lib/libc.a(lib_a-impure.o)
                                        0x57a (size before relaxing)
 .debug_str     0x000000000000d660       0x4b /usr/lib/gcc/arm-none-eabi/9.2.1/../../../arm-none-eabi/lib/libc.a(lib_a-__atexit.o)
                                        0x5e3 (size before relaxing)
 .debug_str     0x000000000000d6ab       0x70 /usr/lib/gcc/arm-none-eabi/9.2.1/../../../arm-none-eabi/lib/libc.a(lib_a-__call_atexit.o)
                                        0x5f6 (size before relaxing)

.debug_frame    0x0000000000000000      0x354
 .debug_frame   0x0000000000000000       0x58 main.o
 .debug_frame   0x0000000000000058       0x60 libopencm3/lib/libopencm3_stm32f1.a(gpio.o)
 .debug_frame   0x00000000000000b8       0x80 libopencm3/lib/libopencm3_stm32f1.a(gpio_common_all.o)
 .debug_frame   0x0000000000000138       0xd0 libopencm3/lib/libopencm3_stm32f1.a(rcc_common_all.o)
 .debug_frame   0x0000000000000208       0x4c libopencm3/lib/libopencm3_stm32f1.a(vector.o)
 .debug_frame   0x0000000000000254       0x2c /usr/lib/gcc/arm-none-eabi/9.2.1/../../../arm-none-eabi/lib/libc.a(lib_a-atexit.o)
 .debug_frame   0x0000000000000280       0x34 /usr/lib/gcc/arm-none-eabi/9.2.1/../../../arm-none-eabi/lib/libc.a(lib_a-fini.o)
 .debug_frame   0x00000000000002b4       0x38 /usr/lib/gcc/arm-none-eabi/9.2.1/../../../arm-none-eabi/lib/libc.a(lib_a-__atexit.o)
 .debug_frame   0x00000000000002ec       0x68 /usr/lib/gcc/arm-none-eabi/9.2.1/../../../arm-none-eabi/lib/libc.a(lib_a-__call_atexit.o)

.debug_loc      0x0000000000000000      0x701
 .debug_loc     0x0000000000000000      0x134 libopencm3/lib/libopencm3_stm32f1.a(gpio.o)
 .debug_loc     0x0000000000000134       0xbe libopencm3/lib/libopencm3_stm32f1.a(gpio_common_all.o)
 .debug_loc     0x00000000000001f2       0x6f libopencm3/lib/libopencm3_stm32f1.a(rcc_common_all.o)
 .debug_loc     0x0000000000000261      0x128 libopencm3/lib/libopencm3_stm32f1.a(vector.o)
 .debug_loc     0x0000000000000389       0x32 /usr/lib/gcc/arm-none-eabi/9.2.1/../../../arm-none-eabi/lib/libc.a(lib_a-atexit.o)
 .debug_loc     0x00000000000003bb       0x68 /usr/lib/gcc/arm-none-eabi/9.2.1/../../../arm-none-eabi/lib/libc.a(lib_a-fini.o)
 .debug_loc     0x0000000000000423      0x12b /usr/lib/gcc/arm-none-eabi/9.2.1/../../../arm-none-eabi/lib/libc.a(lib_a-__atexit.o)
 .debug_loc     0x000000000000054e      0x1b3 /usr/lib/gcc/arm-none-eabi/9.2.1/../../../arm-none-eabi/lib/libc.a(lib_a-__call_atexit.o)

.debug_ranges   0x0000000000000000      0x128
 .debug_ranges  0x0000000000000000       0x28 libopencm3/lib/libopencm3_stm32f1.a(gpio.o)
 .debug_ranges  0x0000000000000028       0x40 libopencm3/lib/libopencm3_stm32f1.a(gpio_common_all.o)
 .debug_ranges  0x0000000000000068       0x48 libopencm3/lib/libopencm3_stm32f1.a(rcc_common_all.o)
 .debug_ranges  0x00000000000000b0       0x20 libopencm3/lib/libopencm3_stm32f1.a(vector.o)
 .debug_ranges  0x00000000000000d0       0x58 /usr/lib/gcc/arm-none-eabi/9.2.1/../../../arm-none-eabi/lib/libc.a(lib_a-__call_atexit.o)

.debug_macro    0x0000000000000000     0x2f62
 .debug_macro   0x0000000000000000       0x6f libopencm3/lib/libopencm3_stm32f1.a(gpio.o)
 .debug_macro   0x000000000000006f      0xa90 libopencm3/lib/libopencm3_stm32f1.a(gpio.o)
 .debug_macro   0x0000000000000aff       0x1c libopencm3/lib/libopencm3_stm32f1.a(gpio.o)
 .debug_macro   0x0000000000000b1b      0x34e libopencm3/lib/libopencm3_stm32f1.a(gpio.o)
 .debug_macro   0x0000000000000e69       0x22 libopencm3/lib/libopencm3_stm32f1.a(gpio.o)
 .debug_macro   0x0000000000000e8b       0xe8 libopencm3/lib/libopencm3_stm32f1.a(gpio.o)
 .debug_macro   0x0000000000000f73       0x76 libopencm3/lib/libopencm3_stm32f1.a(gpio.o)
 .debug_macro   0x0000000000000fe9      0x1b4 libopencm3/lib/libopencm3_stm32f1.a(gpio.o)
 .debug_macro   0x000000000000119d       0x76 libopencm3/lib/libopencm3_stm32f1.a(gpio.o)
 .debug_macro   0x0000000000001213      0xe04 libopencm3/lib/libopencm3_stm32f1.a(gpio.o)
 .debug_macro   0x0000000000002017       0x6f libopencm3/lib/libopencm3_stm32f1.a(gpio_common_all.o)
 .debug_macro   0x0000000000002086       0x85 libopencm3/lib/libopencm3_stm32f1.a(rcc_common_all.o)
 .debug_macro   0x000000000000210b      0x82c libopencm3/lib/libopencm3_stm32f1.a(rcc_common_all.o)
 .debug_macro   0x0000000000002937       0x86 libopencm3/lib/libopencm3_stm32f1.a(vector.o)
 .debug_macro   0x00000000000029bd      0x395 libopencm3/lib/libopencm3_stm32f1.a(vector.o)
 .debug_macro   0x0000000000002d52       0x6e libopencm3/lib/libopencm3_stm32f1.a(vector.o)
 .debug_macro   0x0000000000002dc0      0x1a2 libopencm3/lib/libopencm3_stm32f1.a(vector.o)

Cross Reference Table

Symbol                                            File
_ITM_deregisterTMCloneTable                       /usr/lib/gcc/arm-none-eabi/9.2.1/crtbegin.o
_ITM_registerTMCloneTable                         /usr/lib/gcc/arm-none-eabi/9.2.1/crtbegin.o
__TMC_END__                                       /usr/lib/gcc/arm-none-eabi/9.2.1/crtend.o
                                                  /usr/lib/gcc/arm-none-eabi/9.2.1/crtbegin.o
__bss_end__                                       /usr/lib/gcc/arm-none-eabi/9.2.1/../../../arm-none-eabi/lib/crt0.o
__bss_start__                                     /usr/lib/gcc/arm-none-eabi/9.2.1/../../../arm-none-eabi/lib/crt0.o
__call_exitprocs                                  /usr/lib/gcc/arm-none-eabi/9.2.1/../../../arm-none-eabi/lib/libc.a(lib_a-__call_atexit.o)
                                                  /usr/lib/gcc/arm-none-eabi/9.2.1/../../../arm-none-eabi/lib/libc.a(lib_a-exit.o)
__deregister_frame_info                           /usr/lib/gcc/arm-none-eabi/9.2.1/crtbegin.o
__dso_handle                                      /usr/lib/gcc/arm-none-eabi/9.2.1/crtbegin.o
__fini_array_end                                  /usr/lib/gcc/arm-none-eabi/9.2.1/../../../arm-none-eabi/lib/libc.a(lib_a-fini.o)
                                                  libopencm3/lib/libopencm3_stm32f1.a(vector.o)
__fini_array_start                                /usr/lib/gcc/arm-none-eabi/9.2.1/../../../arm-none-eabi/lib/libc.a(lib_a-fini.o)
                                                  libopencm3/lib/libopencm3_stm32f1.a(vector.o)
__init_array_end                                  /usr/lib/gcc/arm-none-eabi/9.2.1/../../../arm-none-eabi/lib/libc.a(lib_a-init.o)
                                                  libopencm3/lib/libopencm3_stm32f1.a(vector.o)
__init_array_start                                /usr/lib/gcc/arm-none-eabi/9.2.1/../../../arm-none-eabi/lib/libc.a(lib_a-init.o)
                                                  libopencm3/lib/libopencm3_stm32f1.a(vector.o)
__libc_fini                                       /usr/lib/gcc/arm-none-eabi/9.2.1/../../../arm-none-eabi/lib/libc.a(lib_a-__call_atexit.o)
__libc_fini_array                                 /usr/lib/gcc/arm-none-eabi/9.2.1/../../../arm-none-eabi/lib/libc.a(lib_a-fini.o)
                                                  /usr/lib/gcc/arm-none-eabi/9.2.1/../../../arm-none-eabi/lib/libc.a(lib_a-__call_atexit.o)
                                                  /usr/lib/gcc/arm-none-eabi/9.2.1/../../../arm-none-eabi/lib/crt0.o
__libc_init_array                                 /usr/lib/gcc/arm-none-eabi/9.2.1/../../../arm-none-eabi/lib/libc.a(lib_a-init.o)
                                                  /usr/lib/gcc/arm-none-eabi/9.2.1/../../../arm-none-eabi/lib/crt0.o
__preinit_array_end                               /usr/lib/gcc/arm-none-eabi/9.2.1/../../../arm-none-eabi/lib/libc.a(lib_a-init.o)
                                                  libopencm3/lib/libopencm3_stm32f1.a(vector.o)
__preinit_array_start                             /usr/lib/gcc/arm-none-eabi/9.2.1/../../../arm-none-eabi/lib/libc.a(lib_a-init.o)
                                                  libopencm3/lib/libopencm3_stm32f1.a(vector.o)
__register_exitproc                               /usr/lib/gcc/arm-none-eabi/9.2.1/../../../arm-none-eabi/lib/libc.a(lib_a-__atexit.o)
                                                  /usr/lib/gcc/arm-none-eabi/9.2.1/../../../arm-none-eabi/lib/libc.a(lib_a-atexit.o)
__register_frame_info                             /usr/lib/gcc/arm-none-eabi/9.2.1/crtbegin.o
__stack                                           /usr/lib/gcc/arm-none-eabi/9.2.1/../../../arm-none-eabi/lib/crt0.o
_data                                             libopencm3/lib/libopencm3_stm32f1.a(vector.o)
_data_loadaddr                                    libopencm3/lib/libopencm3_stm32f1.a(vector.o)
_delay_us                                         main.o
_ebss                                             libopencm3/lib/libopencm3_stm32f1.a(vector.o)
_edata                                            libopencm3/lib/libopencm3_stm32f1.a(vector.o)
_exit                                             /usr/lib/gcc/arm-none-eabi/9.2.1/../../../arm-none-eabi/lib/libc.a(lib_a-exit.o)
_fini                                             /usr/lib/gcc/arm-none-eabi/9.2.1/crti.o
                                                  /usr/lib/gcc/arm-none-eabi/9.2.1/../../../arm-none-eabi/lib/libc.a(lib_a-fini.o)
_global_impure_ptr                                /usr/lib/gcc/arm-none-eabi/9.2.1/../../../arm-none-eabi/lib/libc.a(lib_a-impure.o)
                                                  /usr/lib/gcc/arm-none-eabi/9.2.1/../../../arm-none-eabi/lib/libc.a(lib_a-__call_atexit.o)
                                                  /usr/lib/gcc/arm-none-eabi/9.2.1/../../../arm-none-eabi/lib/libc.a(lib_a-__atexit.o)
                                                  /usr/lib/gcc/arm-none-eabi/9.2.1/../../../arm-none-eabi/lib/libc.a(lib_a-exit.o)
_impure_ptr                                       /usr/lib/gcc/arm-none-eabi/9.2.1/../../../arm-none-eabi/lib/libc.a(lib_a-impure.o)
_init                                             /usr/lib/gcc/arm-none-eabi/9.2.1/crti.o
                                                  /usr/lib/gcc/arm-none-eabi/9.2.1/../../../arm-none-eabi/lib/libc.a(lib_a-init.o)
_mainCRTStartup                                   /usr/lib/gcc/arm-none-eabi/9.2.1/../../../arm-none-eabi/lib/crt0.o
_stack                                            libopencm3/lib/libopencm3_stm32f1.a(vector.o)
_stack_init                                       /usr/lib/gcc/arm-none-eabi/9.2.1/../../../arm-none-eabi/lib/crt0.o
_start                                            /usr/lib/gcc/arm-none-eabi/9.2.1/../../../arm-none-eabi/lib/crt0.o
adc1_2_isr                                        libopencm3/lib/libopencm3_stm32f1.a(vector.o)
adc3_isr                                          libopencm3/lib/libopencm3_stm32f1.a(vector.o)
atexit                                            /usr/lib/gcc/arm-none-eabi/9.2.1/../../../arm-none-eabi/lib/libc.a(lib_a-atexit.o)
                                                  /usr/lib/gcc/arm-none-eabi/9.2.1/../../../arm-none-eabi/lib/libc.a(lib_a-__call_atexit.o)
                                                  /usr/lib/gcc/arm-none-eabi/9.2.1/../../../arm-none-eabi/lib/crt0.o
blocking_handler                                  libopencm3/lib/libopencm3_stm32f1.a(vector.o)
bus_fault_handler                                 libopencm3/lib/libopencm3_stm32f1.a(vector.o)
can2_rx0_isr                                      libopencm3/lib/libopencm3_stm32f1.a(vector.o)
can2_rx1_isr                                      libopencm3/lib/libopencm3_stm32f1.a(vector.o)
can2_sce_isr                                      libopencm3/lib/libopencm3_stm32f1.a(vector.o)
can2_tx_isr                                       libopencm3/lib/libopencm3_stm32f1.a(vector.o)
can_rx1_isr                                       libopencm3/lib/libopencm3_stm32f1.a(vector.o)
can_sce_isr                                       libopencm3/lib/libopencm3_stm32f1.a(vector.o)
debug_monitor_handler                             libopencm3/lib/libopencm3_stm32f1.a(vector.o)
dma1_channel1_isr                                 libopencm3/lib/libopencm3_stm32f1.a(vector.o)
dma1_channel2_isr                                 libopencm3/lib/libopencm3_stm32f1.a(vector.o)
dma1_channel3_isr                                 libopencm3/lib/libopencm3_stm32f1.a(vector.o)
dma1_channel4_isr                                 libopencm3/lib/libopencm3_stm32f1.a(vector.o)
dma1_channel5_isr                                 libopencm3/lib/libopencm3_stm32f1.a(vector.o)
dma1_channel6_isr                                 libopencm3/lib/libopencm3_stm32f1.a(vector.o)
dma1_channel7_isr                                 libopencm3/lib/libopencm3_stm32f1.a(vector.o)
dma2_channel1_isr                                 libopencm3/lib/libopencm3_stm32f1.a(vector.o)
dma2_channel2_isr                                 libopencm3/lib/libopencm3_stm32f1.a(vector.o)
dma2_channel3_isr                                 libopencm3/lib/libopencm3_stm32f1.a(vector.o)
dma2_channel4_5_isr                               libopencm3/lib/libopencm3_stm32f1.a(vector.o)
dma2_channel5_isr                                 libopencm3/lib/libopencm3_stm32f1.a(vector.o)
eth_isr                                           libopencm3/lib/libopencm3_stm32f1.a(vector.o)
eth_wkup_isr                                      libopencm3/lib/libopencm3_stm32f1.a(vector.o)
exit                                              /usr/lib/gcc/arm-none-eabi/9.2.1/../../../arm-none-eabi/lib/libc.a(lib_a-exit.o)
                                                  /usr/lib/gcc/arm-none-eabi/9.2.1/../../../arm-none-eabi/lib/crt0.o
exti0_isr                                         libopencm3/lib/libopencm3_stm32f1.a(vector.o)
exti15_10_isr                                     libopencm3/lib/libopencm3_stm32f1.a(vector.o)
exti1_isr                                         libopencm3/lib/libopencm3_stm32f1.a(vector.o)
exti2_isr                                         libopencm3/lib/libopencm3_stm32f1.a(vector.o)
exti3_isr                                         libopencm3/lib/libopencm3_stm32f1.a(vector.o)
exti4_isr                                         libopencm3/lib/libopencm3_stm32f1.a(vector.o)
exti9_5_isr                                       libopencm3/lib/libopencm3_stm32f1.a(vector.o)
flash_isr                                         libopencm3/lib/libopencm3_stm32f1.a(vector.o)
fsmc_isr                                          libopencm3/lib/libopencm3_stm32f1.a(vector.o)
gpio_clear                                        libopencm3/lib/libopencm3_stm32f1.a(gpio_common_all.o)
gpio_get                                          libopencm3/lib/libopencm3_stm32f1.a(gpio_common_all.o)
gpio_port_config_lock                             libopencm3/lib/libopencm3_stm32f1.a(gpio_common_all.o)
gpio_port_read                                    libopencm3/lib/libopencm3_stm32f1.a(gpio_common_all.o)
gpio_port_write                                   libopencm3/lib/libopencm3_stm32f1.a(gpio_common_all.o)
gpio_primary_remap                                libopencm3/lib/libopencm3_stm32f1.a(gpio.o)
gpio_secondary_remap                              libopencm3/lib/libopencm3_stm32f1.a(gpio.o)
gpio_set                                          libopencm3/lib/libopencm3_stm32f1.a(gpio_common_all.o)
                                                  main.o
gpio_set_eventout                                 libopencm3/lib/libopencm3_stm32f1.a(gpio.o)
gpio_set_mode                                     libopencm3/lib/libopencm3_stm32f1.a(gpio.o)
                                                  main.o
gpio_toggle                                       libopencm3/lib/libopencm3_stm32f1.a(gpio_common_all.o)
                                                  main.o
hard_fault_handler                                libopencm3/lib/libopencm3_stm32f1.a(vector.o)
hardware_init_hook                                /usr/lib/gcc/arm-none-eabi/9.2.1/../../../arm-none-eabi/lib/crt0.o
i2c1_er_isr                                       libopencm3/lib/libopencm3_stm32f1.a(vector.o)
i2c1_ev_isr                                       libopencm3/lib/libopencm3_stm32f1.a(vector.o)
i2c2_er_isr                                       libopencm3/lib/libopencm3_stm32f1.a(vector.o)
i2c2_ev_isr                                       libopencm3/lib/libopencm3_stm32f1.a(vector.o)
main                                              main.o
                                                  libopencm3/lib/libopencm3_stm32f1.a(vector.o)
                                                  /usr/lib/gcc/arm-none-eabi/9.2.1/../../../arm-none-eabi/lib/crt0.o
mem_manage_handler                                libopencm3/lib/libopencm3_stm32f1.a(vector.o)
memset                                            /usr/lib/gcc/arm-none-eabi/9.2.1/../../../arm-none-eabi/lib/libc.a(lib_a-memset.o)
                                                  /usr/lib/gcc/arm-none-eabi/9.2.1/../../../arm-none-eabi/lib/crt0.o
nmi_handler                                       libopencm3/lib/libopencm3_stm32f1.a(vector.o)
null_handler                                      libopencm3/lib/libopencm3_stm32f1.a(vector.o)
otg_fs_isr                                        libopencm3/lib/libopencm3_stm32f1.a(vector.o)
pend_sv_handler                                   libopencm3/lib/libopencm3_stm32f1.a(vector.o)
pvd_isr                                           libopencm3/lib/libopencm3_stm32f1.a(vector.o)
rcc_isr                                           libopencm3/lib/libopencm3_stm32f1.a(vector.o)
rcc_osc_bypass_disable                            libopencm3/lib/libopencm3_stm32f1.a(rcc_common_all.o)
rcc_osc_bypass_enable                             libopencm3/lib/libopencm3_stm32f1.a(rcc_common_all.o)
rcc_periph_clock_disable                          libopencm3/lib/libopencm3_stm32f1.a(rcc_common_all.o)
rcc_periph_clock_enable                           libopencm3/lib/libopencm3_stm32f1.a(rcc_common_all.o)
                                                  main.o
rcc_periph_reset_hold                             libopencm3/lib/libopencm3_stm32f1.a(rcc_common_all.o)
rcc_periph_reset_pulse                            libopencm3/lib/libopencm3_stm32f1.a(rcc_common_all.o)
rcc_periph_reset_release                          libopencm3/lib/libopencm3_stm32f1.a(rcc_common_all.o)
rcc_peripheral_clear_reset                        libopencm3/lib/libopencm3_stm32f1.a(rcc_common_all.o)
rcc_peripheral_disable_clock                      libopencm3/lib/libopencm3_stm32f1.a(rcc_common_all.o)
rcc_peripheral_enable_clock                       libopencm3/lib/libopencm3_stm32f1.a(rcc_common_all.o)
rcc_peripheral_reset                              libopencm3/lib/libopencm3_stm32f1.a(rcc_common_all.o)
rcc_set_mco                                       libopencm3/lib/libopencm3_stm32f1.a(rcc_common_all.o)
reset_handler                                     libopencm3/lib/libopencm3_stm32f1.a(vector.o)
rtc_alarm_isr                                     libopencm3/lib/libopencm3_stm32f1.a(vector.o)
rtc_isr                                           libopencm3/lib/libopencm3_stm32f1.a(vector.o)
sdio_isr                                          libopencm3/lib/libopencm3_stm32f1.a(vector.o)
software_init_hook                                /usr/lib/gcc/arm-none-eabi/9.2.1/../../../arm-none-eabi/lib/crt0.o
spi1_isr                                          libopencm3/lib/libopencm3_stm32f1.a(vector.o)
spi2_isr                                          libopencm3/lib/libopencm3_stm32f1.a(vector.o)
spi3_isr                                          libopencm3/lib/libopencm3_stm32f1.a(vector.o)
sv_call_handler                                   libopencm3/lib/libopencm3_stm32f1.a(vector.o)
sys_tick_handler                                  libopencm3/lib/libopencm3_stm32f1.a(vector.o)
tamper_isr                                        libopencm3/lib/libopencm3_stm32f1.a(vector.o)
tim1_brk_isr                                      libopencm3/lib/libopencm3_stm32f1.a(vector.o)
tim1_cc_isr                                       libopencm3/lib/libopencm3_stm32f1.a(vector.o)
tim1_trg_com_isr                                  libopencm3/lib/libopencm3_stm32f1.a(vector.o)
tim1_up_isr                                       libopencm3/lib/libopencm3_stm32f1.a(vector.o)
tim2_isr                                          libopencm3/lib/libopencm3_stm32f1.a(vector.o)
tim3_isr                                          libopencm3/lib/libopencm3_stm32f1.a(vector.o)
tim4_isr                                          libopencm3/lib/libopencm3_stm32f1.a(vector.o)
tim5_isr                                          libopencm3/lib/libopencm3_stm32f1.a(vector.o)
tim6_isr                                          libopencm3/lib/libopencm3_stm32f1.a(vector.o)
tim7_isr                                          libopencm3/lib/libopencm3_stm32f1.a(vector.o)
tim8_brk_isr                                      libopencm3/lib/libopencm3_stm32f1.a(vector.o)
tim8_cc_isr                                       libopencm3/lib/libopencm3_stm32f1.a(vector.o)
tim8_trg_com_isr                                  libopencm3/lib/libopencm3_stm32f1.a(vector.o)
tim8_up_isr                                       libopencm3/lib/libopencm3_stm32f1.a(vector.o)
uart4_isr                                         libopencm3/lib/libopencm3_stm32f1.a(vector.o)
uart5_isr                                         libopencm3/lib/libopencm3_stm32f1.a(vector.o)
usage_fault_handler                               libopencm3/lib/libopencm3_stm32f1.a(vector.o)
usart1_isr                                        libopencm3/lib/libopencm3_stm32f1.a(vector.o)
usart2_isr                                        libopencm3/lib/libopencm3_stm32f1.a(vector.o)
usart3_isr                                        libopencm3/lib/libopencm3_stm32f1.a(vector.o)
usb_hp_can_tx_isr                                 libopencm3/lib/libopencm3_stm32f1.a(vector.o)
usb_lp_can_rx0_isr                                libopencm3/lib/libopencm3_stm32f1.a(vector.o)
usb_wakeup_isr                                    libopencm3/lib/libopencm3_stm32f1.a(vector.o)
vector_table                                      libopencm3/lib/libopencm3_stm32f1.a(vector.o)
wwdg_isr                                          libopencm3/lib/libopencm3_stm32f1.a(vector.o)
